Archive member included to satisfy reference by file (symbol)

E:/STM32CubeIDE_1.19.0/STM32CubeIDE/plugins/com.st.stm32cube.ide.mcu.externaltools.gnu-tools-for-stm32.13.3.rel1.win32_1.0.0.202411081344/tools/bin/../lib/gcc/arm-none-eabi/13.3.1/../../../../arm-none-eabi/lib/thumb/v7e-m+dp/hard\libc_nano.a(libc_a-exit.o)
                              E:/STM32CubeIDE_1.19.0/STM32CubeIDE/plugins/com.st.stm32cube.ide.mcu.externaltools.gnu-tools-for-stm32.13.3.rel1.win32_1.0.0.202411081344/tools/bin/../lib/gcc/arm-none-eabi/13.3.1/../../../../arm-none-eabi/lib/thumb/v7e-m+dp/hard/crt0.o (exit)
E:/STM32CubeIDE_1.19.0/STM32CubeIDE/plugins/com.st.stm32cube.ide.mcu.externaltools.gnu-tools-for-stm32.13.3.rel1.win32_1.0.0.202411081344/tools/bin/../lib/gcc/arm-none-eabi/13.3.1/../../../../arm-none-eabi/lib/thumb/v7e-m+dp/hard\libc_nano.a(libc_a-findfp.o)
                              E:/STM32CubeIDE_1.19.0/STM32CubeIDE/plugins/com.st.stm32cube.ide.mcu.externaltools.gnu-tools-for-stm32.13.3.rel1.win32_1.0.0.202411081344/tools/bin/../lib/gcc/arm-none-eabi/13.3.1/../../../../arm-none-eabi/lib/thumb/v7e-m+dp/hard\libc_nano.a(libc_a-exit.o) (__stdio_exit_handler)
E:/STM32CubeIDE_1.19.0/STM32CubeIDE/plugins/com.st.stm32cube.ide.mcu.externaltools.gnu-tools-for-stm32.13.3.rel1.win32_1.0.0.202411081344/tools/bin/../lib/gcc/arm-none-eabi/13.3.1/../../../../arm-none-eabi/lib/thumb/v7e-m+dp/hard\libc_nano.a(libc_a-fwalk.o)
                              E:/STM32CubeIDE_1.19.0/STM32CubeIDE/plugins/com.st.stm32cube.ide.mcu.externaltools.gnu-tools-for-stm32.13.3.rel1.win32_1.0.0.202411081344/tools/bin/../lib/gcc/arm-none-eabi/13.3.1/../../../../arm-none-eabi/lib/thumb/v7e-m+dp/hard\libc_nano.a(libc_a-findfp.o) (_fwalk_sglue)
E:/STM32CubeIDE_1.19.0/STM32CubeIDE/plugins/com.st.stm32cube.ide.mcu.externaltools.gnu-tools-for-stm32.13.3.rel1.win32_1.0.0.202411081344/tools/bin/../lib/gcc/arm-none-eabi/13.3.1/../../../../arm-none-eabi/lib/thumb/v7e-m+dp/hard\libc_nano.a(libc_a-stdio.o)
                              E:/STM32CubeIDE_1.19.0/STM32CubeIDE/plugins/com.st.stm32cube.ide.mcu.externaltools.gnu-tools-for-stm32.13.3.rel1.win32_1.0.0.202411081344/tools/bin/../lib/gcc/arm-none-eabi/13.3.1/../../../../arm-none-eabi/lib/thumb/v7e-m+dp/hard\libc_nano.a(libc_a-findfp.o) (__sread)
E:/STM32CubeIDE_1.19.0/STM32CubeIDE/plugins/com.st.stm32cube.ide.mcu.externaltools.gnu-tools-for-stm32.13.3.rel1.win32_1.0.0.202411081344/tools/bin/../lib/gcc/arm-none-eabi/13.3.1/../../../../arm-none-eabi/lib/thumb/v7e-m+dp/hard\libc_nano.a(libc_a-memset.o)
                              E:/STM32CubeIDE_1.19.0/STM32CubeIDE/plugins/com.st.stm32cube.ide.mcu.externaltools.gnu-tools-for-stm32.13.3.rel1.win32_1.0.0.202411081344/tools/bin/../lib/gcc/arm-none-eabi/13.3.1/../../../../arm-none-eabi/lib/thumb/v7e-m+dp/hard/crt0.o (memset)
E:/STM32CubeIDE_1.19.0/STM32CubeIDE/plugins/com.st.stm32cube.ide.mcu.externaltools.gnu-tools-for-stm32.13.3.rel1.win32_1.0.0.202411081344/tools/bin/../lib/gcc/arm-none-eabi/13.3.1/../../../../arm-none-eabi/lib/thumb/v7e-m+dp/hard\libc_nano.a(libc_a-closer.o)
                              E:/STM32CubeIDE_1.19.0/STM32CubeIDE/plugins/com.st.stm32cube.ide.mcu.externaltools.gnu-tools-for-stm32.13.3.rel1.win32_1.0.0.202411081344/tools/bin/../lib/gcc/arm-none-eabi/13.3.1/../../../../arm-none-eabi/lib/thumb/v7e-m+dp/hard\libc_nano.a(libc_a-stdio.o) (_close_r)
E:/STM32CubeIDE_1.19.0/STM32CubeIDE/plugins/com.st.stm32cube.ide.mcu.externaltools.gnu-tools-for-stm32.13.3.rel1.win32_1.0.0.202411081344/tools/bin/../lib/gcc/arm-none-eabi/13.3.1/../../../../arm-none-eabi/lib/thumb/v7e-m+dp/hard\libc_nano.a(libc_a-reent.o)
                              E:/STM32CubeIDE_1.19.0/STM32CubeIDE/plugins/com.st.stm32cube.ide.mcu.externaltools.gnu-tools-for-stm32.13.3.rel1.win32_1.0.0.202411081344/tools/bin/../lib/gcc/arm-none-eabi/13.3.1/../../../../arm-none-eabi/lib/thumb/v7e-m+dp/hard\libc_nano.a(libc_a-closer.o) (errno)
E:/STM32CubeIDE_1.19.0/STM32CubeIDE/plugins/com.st.stm32cube.ide.mcu.externaltools.gnu-tools-for-stm32.13.3.rel1.win32_1.0.0.202411081344/tools/bin/../lib/gcc/arm-none-eabi/13.3.1/../../../../arm-none-eabi/lib/thumb/v7e-m+dp/hard\libc_nano.a(libc_a-impure.o)
                              E:/STM32CubeIDE_1.19.0/STM32CubeIDE/plugins/com.st.stm32cube.ide.mcu.externaltools.gnu-tools-for-stm32.13.3.rel1.win32_1.0.0.202411081344/tools/bin/../lib/gcc/arm-none-eabi/13.3.1/../../../../arm-none-eabi/lib/thumb/v7e-m+dp/hard\libc_nano.a(libc_a-reent.o) (_impure_ptr)
E:/STM32CubeIDE_1.19.0/STM32CubeIDE/plugins/com.st.stm32cube.ide.mcu.externaltools.gnu-tools-for-stm32.13.3.rel1.win32_1.0.0.202411081344/tools/bin/../lib/gcc/arm-none-eabi/13.3.1/../../../../arm-none-eabi/lib/thumb/v7e-m+dp/hard\libc_nano.a(libc_a-lseekr.o)
[...]
Memory Configuration

Name             Origin             Length             Attributes
FLASH            0x08000000         0x00200000         xr
DTCMRAM          0x20000000         0x00020000         xrw
RAM_D1           0x24000000         0x00080000         xrw
RAM_D2           0x30000000         0x00048000         xrw
RAM_D3           0x38000000         0x00010000         xrw
ITCMRAM          0x00000000         0x00010000         xrw
*default*        0x00000000         0xffffffff

Linker script and memory map

LOAD E:/STM32CubeIDE_1.19.0/STM32CubeIDE/plugins/com.st.stm32cube.ide.mcu.externaltools.gnu-tools-for-stm32.13.3.rel1.win32_1.0.0.202411081344/tools/bin/../lib/gcc/arm-none-eabi/13.3.1/thumb/v7e-m+dp/hard/crti.o
LOAD E:/STM32CubeIDE_1.19.0/STM32CubeIDE/plugins/com.st.stm32cube.ide.mcu.externaltools.gnu-tools-for-stm32.13.3.rel1.win32_1.0.0.202411081344/tools/bin/../lib/gcc/arm-none-eabi/13.3.1/thumb/v7e-m+dp/hard/crtbegin.o
LOAD E:/STM32CubeIDE_1.19.0/STM32CubeIDE/plugins/com.st.stm32cube.ide.mcu.externaltools.gnu-tools-for-stm32.13.3.rel1.win32_1.0.0.202411081344/tools/bin/../lib/gcc/arm-none-eabi/13.3.1/../../../../arm-none-eabi/lib/thumb/v7e-m+dp/hard/crt0.o
LOAD ./Core/Src/adc.o
LOAD ./Core/Src/gpio_driver.o
LOAD ./Core/Src/main.o
LOAD ./Core/Src/pwm.o
LOAD ./Core/Src/stm32h7xx_hal_msp.o
LOAD ./Core/Src/stm32h7xx_it.o
LOAD ./Core/Src/syscalls.o
LOAD ./Core/Src/sysmem.o
LOAD ./Core/Src/system_stm32h7xx.o
LOAD ./Core/Startup/startup_stm32h743vitx.o
START GROUP
LOAD E:/STM32CubeIDE_1.19.0/STM32CubeIDE/plugins/com.st.stm32cube.ide.mcu.externaltools.gnu-tools-for-stm32.13.3.rel1.win32_1.0.0.202411081344/tools/bin/../lib/gcc/arm-none-eabi/13.3.1/../../../../arm-none-eabi/lib/thumb/v7e-m+dp/hard\libc_nano.a
LOAD E:/STM32CubeIDE_1.19.0/STM32CubeIDE/plugins/com.st.stm32cube.ide.mcu.externaltools.gnu-tools-for-stm32.13.3.rel1.win32_1.0.0.202411081344/tools/bin/../lib/gcc/arm-none-eabi/13.3.1/../../../../arm-none-eabi/lib/thumb/v7e-m+dp/hard\libm.a
END GROUP
START GROUP
LOAD E:/STM32CubeIDE_1.19.0/STM32CubeIDE/plugins/com.st.stm32cube.ide.mcu.externaltools.gnu-tools-for-stm32.13.3.rel1.win32_1.0.0.202411081344/tools/bin/../lib/gcc/arm-none-eabi/13.3.1/thumb/v7e-m+dp/hard\libgcc.a
LOAD E:/STM32CubeIDE_1.19.0/STM32CubeIDE/plugins/com.st.stm32cube.ide.mcu.externaltools.gnu-tools-for-stm32.13.3.rel1.win32_1.0.0.202411081344/tools/bin/../lib/gcc/arm-none-eabi/13.3.1/../../../../arm-none-eabi/lib/thumb/v7e-m+dp/hard\libc_nano.a
END GROUP
START GROUP
LOAD E:/STM32CubeIDE_1.19.0/STM32CubeIDE/plugins/com.st.stm32cube.ide.mcu.externaltools.gnu-tools-for-stm32.13.3.rel1.win32_1.0.0.202411081344/tools/bin/../lib/gcc/arm-none-eabi/13.3.1/thumb/v7e-m+dp/hard\libgcc.a
LOAD E:/STM32CubeIDE_1.19.0/STM32CubeIDE/plugins/com.st.stm32cube.ide.mcu.externaltools.gnu-tools-for-stm32.13.3.rel1.win32_1.0.0.202411081344/tools/bin/../lib/gcc/arm-none-eabi/13.3.1/../../../../arm-none-eabi/lib/thumb/v7e-m+dp/hard\libc_nano.a
LOAD E:/STM32CubeIDE_1.19.0/STM32CubeIDE/plugins/com.st.stm32cube.ide.mcu.externaltools.gnu-tools-for-stm32.13.3.rel1.win32_1.0.0.202411081344/tools/bin/../lib/gcc/arm-none-eabi/13.3.1/../../../../arm-none-eabi/lib/thumb/v7e-m+dp/hard\libnosys.a
END GROUP
START GROUP
LOAD E:/STM32CubeIDE_1.19.0/STM32CubeIDE/plugins/com.st.stm32cube.ide.mcu.externaltools.gnu-tools-for-stm32.13.3.rel1.win32_1.0.0.202411081344/tools/bin/../lib/gcc/arm-none-eabi/13.3.1/thumb/v7e-m+dp/hard\libgcc.a
LOAD E:/STM32CubeIDE_1.19.0/STM32CubeIDE/plugins/com.st.stm32cube.ide.mcu.externaltools.gnu-tools-for-stm32.13.3.rel1.win32_1.0.0.202411081344/tools/bin/../lib/gcc/arm-none-eabi/13.3.1/../../../../arm-none-eabi/lib/thumb/v7e-m+dp/hard\libc_nano.a
LOAD E:/STM32CubeIDE_1.19.0/STM32CubeIDE/plugins/com.st.stm32cube.ide.mcu.externaltools.gnu-tools-for-stm32.13.3.rel1.win32_1.0.0.202411081344/tools/bin/../lib/gcc/arm-none-eabi/13.3.1/../../../../arm-none-eabi/lib/thumb/v7e-m+dp/hard\libnosys.a
END GROUP
LOAD E:/STM32CubeIDE_1.19.0/STM32CubeIDE/plugins/com.st.stm32cube.ide.mcu.externaltools.gnu-tools-for-stm32.13.3.rel1.win32_1.0.0.202411081344/tools/bin/../lib/gcc/arm-none-eabi/13.3.1/thumb/v7e-m+dp/hard/crtend.o
LOAD E:/STM32CubeIDE_1.19.0/STM32CubeIDE/plugins/com.st.stm32cube.ide.mcu.externaltools.gnu-tools-for-stm32.13.3.rel1.win32_1.0.0.202411081344/tools/bin/../lib/gcc/arm-none-eabi/13.3.1/thumb/v7e-m+dp/hard/crtn.o
                0x24080000                        _estack = (ORIGIN (RAM_D1) + LENGTH (RAM_D1))
                0x00000200                        _Min_Heap_Size = 0x200
                0x00000400                        _Min_Stack_Size = 0x400

.isr_vector     0x08000000      0x298
                0x08000000                        . = ALIGN (0x4)
 *(.isr_vector)
 .isr_vector    0x08000000      0x298 ./Core/Startup/startup_stm32h743vitx.o
                0x08000000                g_pfnVectors
                0x08000298                        . = ALIGN (0x4)

.text           0x08000298      0x700
                0x08000298                        . = ALIGN (0x4)
 *(.text)
 .text          0x08000298       0x40 E:/STM32CubeIDE_1.19.0/STM32CubeIDE/plugins/com.st.stm32cube.ide.mcu.externaltools.gnu-tools-for-stm32.13.3.rel1.win32_1.0.0.202411081344/tools/bin/../lib/gcc/arm-none-eabi/13.3.1/thumb/v7e-m+dp/hard/crtbegin.o
 *(.text*)
 .text.adc_init
                0x080002d8      0x138 ./Core/Src/adc.o
                0x080002d8                adc_init
 .text.adc_start_dma
                0x08000410       0xb0 ./Core/Src/adc.o
                0x08000410                adc_start_dma
 .text.gpio_clk
                0x080004c0       0x44 ./Core/Src/gpio_driver.o
                0x080004c0                gpio_clk
 .text.gpio_cfg
                0x08000504       0xa8 ./Core/Src/gpio_driver.o
                0x08000504                gpio_cfg
 .text.gpio_set
                0x080005ac       0x22 ./Core/Src/gpio_driver.o
                0x080005ac                gpio_set
 .text.gpio_clr
                0x080005ce       0x24 ./Core/Src/gpio_driver.o
                0x080005ce                gpio_clr
 *fill*         0x080005f2        0x2 
 .text.main     0x080005f4      0x11c ./Core/Src/main.o
                0x080005f4                main
 .text.NMI_Handler
                0x08000710        0x8 ./Core/Src/stm32h7xx_it.o
                0x08000710                NMI_Handler
 .text.HardFault_Handler
                0x08000718        0x8 ./Core/Src/stm32h7xx_it.o
                0x08000718                HardFault_Handler
 .text.MemManage_Handler
                0x08000720        0x8 ./Core/Src/stm32h7xx_it.o
                0x08000720                MemManage_Handler
 .text.BusFault_Handler
                0x08000728        0x8 ./Core/Src/stm32h7xx_it.o
                0x08000728                BusFault_Handler
 .text.UsageFault_Handler
                0x08000730        0x8 ./Core/Src/stm32h7xx_it.o
                0x08000730                UsageFault_Handler
 .text.SVC_Handler
                0x08000738        0xe ./Core/Src/stm32h7xx_it.o
                0x08000738                SVC_Handler
 .text.DebugMon_Handler
                0x08000746        0xe ./Core/Src/stm32h7xx_it.o
                0x08000746                DebugMon_Handler
 .text.PendSV_Handler
                0x08000754        0xe ./Core/Src/stm32h7xx_it.o
                0x08000754                PendSV_Handler
 .text.SysTick_Handler
                0x08000762        0xe ./Core/Src/stm32h7xx_it.o
                0x08000762                SysTick_Handler
 .text.SystemInit
                0x08000770      0x140 ./Core/Src/system_stm32h7xx.o
                0x08000770                SystemInit
 .text.ExitRun0Mode
                0x080008b0       0x30 ./Core/Src/system_stm32h7xx.o
                0x080008b0                ExitRun0Mode
 .text.Reset_Handler
                0x080008e0       0x54 ./Core/Startup/startup_stm32h743vitx.o
                0x080008e0                Reset_Handler
 .text.Default_Handler
                0x08000934        0x2 ./Core/Startup/startup_stm32h743vitx.o
                0x08000934                RTC_Alarm_IRQHandler
                0x08000934                EXTI2_IRQHandler
                0x08000934                TIM8_CC_IRQHandler
                0x08000934                HRTIM1_Master_IRQHandler
                0x08000934                UART8_IRQHandler
                0x08000934                SPI4_IRQHandler
                0x08000934                TIM1_CC_IRQHandler
                0x08000934                BDMA_Channel6_IRQHandler
                0x08000934                DMA2_Stream5_IRQHandler
                0x08000934                HRTIM1_FLT_IRQHandler
                0x08000934                JPEG_IRQHandler
                0x08000934                DMA1_Stream5_IRQHandler
                0x08000934                BDMA_Channel1_IRQHandler
                0x08000934                HRTIM1_TIMD_IRQHandler
                0x08000934                TAMP_STAMP_IRQHandler
                0x08000934                EXTI3_IRQHandler
                0x08000934                LPTIM4_IRQHandler
                0x08000934                TIM8_TRG_COM_TIM14_IRQHandler
                0x08000934                LPTIM2_IRQHandler
                0x08000934                DFSDM1_FLT1_IRQHandler
                0x08000934                DMAMUX2_OVR_IRQHandler
                0x08000934                TIM8_UP_TIM13_IRQHandler
                0x08000934                I2C3_ER_IRQHandler
                0x08000934                DFSDM1_FLT2_IRQHandler
                0x08000934                MDMA_IRQHandler
                0x08000934                LPTIM3_IRQHandler
                0x08000934                HSEM1_IRQHandler
                0x08000934                EXTI0_IRQHandler
                0x08000934                I2C2_EV_IRQHandler
                0x08000934                DMA1_Stream2_IRQHandler
                0x08000934                FPU_IRQHandler
                0x08000934                OTG_HS_WKUP_IRQHandler
                0x08000934                FDCAN1_IT1_IRQHandler
                0x08000934                LTDC_ER_IRQHandler
                0x08000934                DMA2_Stream2_IRQHandler
                0x08000934                HRTIM1_TIME_IRQHandler
                0x08000934                SPI1_IRQHandler
                0x08000934                TIM6_DAC_IRQHandler
                0x08000934                DCMI_IRQHandler
                0x08000934                HRTIM1_TIMC_IRQHandler
                0x08000934                DMA2_Stream3_IRQHandler
                0x08000934                SAI2_IRQHandler
                0x08000934                DFSDM1_FLT3_IRQHandler
                0x08000934                USART6_IRQHandler
                0x08000934                TIM17_IRQHandler
                0x08000934                USART3_IRQHandler
                0x08000934                BDMA_Channel7_IRQHandler
                0x08000934                LPTIM5_IRQHandler
                0x08000934                UART5_IRQHandler
                0x08000934                ADC3_IRQHandler
                0x08000934                DMA2_Stream0_IRQHandler
                0x08000934                TIM4_IRQHandler
                0x08000934                BDMA_Channel2_IRQHandler
                0x08000934                QUADSPI_IRQHandler
                0x08000934                I2C1_EV_IRQHandler
                0x08000934                DMA1_Stream6_IRQHandler
                0x08000934                DMAMUX1_OVR_IRQHandler
                0x08000934                DMA1_Stream1_IRQHandler
                0x08000934                TIM16_IRQHandler
                0x08000934                UART4_IRQHandler
                0x08000934                BDMA_Channel5_IRQHandler
                0x08000934                TIM3_IRQHandler
                0x08000934                RCC_IRQHandler
                0x08000934                TIM8_BRK_TIM12_IRQHandler
                0x08000934                TIM1_TRG_COM_IRQHandler
                0x08000934                Default_Handler
                0x08000934                ECC_IRQHandler
                0x08000934                CEC_IRQHandler
                0x08000934                EXTI15_10_IRQHandler
                0x08000934                BDMA_Channel0_IRQHandler
                0x08000934                ADC_IRQHandler
                0x08000934                DMA1_Stream7_IRQHandler
                0x08000934                HRTIM1_TIMA_IRQHandler
                0x08000934                SPI5_IRQHandler
                0x08000934                TIM7_IRQHandler
                0x08000934                SDMMC1_IRQHandler
                0x08000934                TIM5_IRQHandler
                0x08000934                DMA2_Stream7_IRQHandler
                0x08000934                TIM15_IRQHandler
                0x08000934                PVD_AVD_IRQHandler
                0x08000934                I2C3_EV_IRQHandler
                0x08000934                EXTI9_5_IRQHandler
                0x08000934                RTC_WKUP_IRQHandler
                0x08000934                LTDC_IRQHandler
                0x08000934                SAI3_IRQHandler
                0x08000934                ETH_WKUP_IRQHandler
                0x08000934                SPDIF_RX_IRQHandler
                0x08000934                SPI2_IRQHandler
                0x08000934                OTG_HS_EP1_IN_IRQHandler
                0x08000934                DMA1_Stream0_IRQHandler
                0x08000934                CRS_IRQHandler
                0x08000934                EXTI4_IRQHandler
                0x08000934                RNG_IRQHandler
                0x08000934                HRTIM1_TIMB_IRQHandler
                0x08000934                FDCAN2_IT1_IRQHandler
                0x08000934                ETH_IRQHandler
                0x08000934                TIM1_UP_IRQHandler
                0x08000934                BDMA_Channel4_IRQHandler
                0x08000934                OTG_HS_EP1_OUT_IRQHandler
                0x08000934                WWDG_IRQHandler
                0x08000934                SPI6_IRQHandler
                0x08000934                MDIOS_IRQHandler
                0x08000934                I2C4_EV_IRQHandler
                0x08000934                FDCAN2_IT0_IRQHandler
                0x08000934                LPUART1_IRQHandler
                0x08000934                FDCAN1_IT0_IRQHandler
                0x08000934                TIM2_IRQHandler
                0x08000934                OTG_FS_WKUP_IRQHandler
                0x08000934                OTG_HS_IRQHandler
                0x08000934                DMA2D_IRQHandler
                0x08000934                TIM1_BRK_IRQHandler
                0x08000934                EXTI1_IRQHandler
                0x08000934                SDMMC2_IRQHandler
                0x08000934                OTG_FS_EP1_OUT_IRQHandler
                0x08000934                BDMA_Channel3_IRQHandler
                0x08000934                UART7_IRQHandler
                0x08000934                MDIOS_WKUP_IRQHandler
                0x08000934                USART2_IRQHandler
                0x08000934                DFSDM1_FLT0_IRQHandler
                0x08000934                SAI4_IRQHandler
                0x08000934                I2C2_ER_IRQHandler
                0x08000934                DMA2_Stream1_IRQHandler
                0x08000934                FLASH_IRQHandler
                0x08000934                DMA2_Stream4_IRQHandler
                0x08000934                USART1_IRQHandler
                0x08000934                OTG_FS_IRQHandler
                0x08000934                SPI3_IRQHandler
                0x08000934                WAKEUP_PIN_IRQHandler
                0x08000934                DMA1_Stream4_IRQHandler
                0x08000934                OTG_FS_EP1_IN_IRQHandler
                0x08000934                I2C1_ER_IRQHandler
                0x08000934                FMC_IRQHandler
                0x08000934                FDCAN_CAL_IRQHandler
                0x08000934                SWPMI1_IRQHandler
                0x08000934                COMP1_IRQHandler
                0x08000934                LPTIM1_IRQHandler
                0x08000934                I2C4_ER_IRQHandler
                0x08000934                DMA2_Stream6_IRQHandler
                0x08000934                SAI1_IRQHandler
                0x08000934                DMA1_Stream3_IRQHandler
 *fill*         0x08000936        0x2 
 .text.__libc_init_array
                0x08000938       0x48 E:/STM32CubeIDE_1.19.0/STM32CubeIDE/plugins/com.st.stm32cube.ide.mcu.externaltools.gnu-tools-for-stm32.13.3.rel1.win32_1.0.0.202411081344/tools/bin/../lib/gcc/arm-none-eabi/13.3.1/../../../../arm-none-eabi/lib/thumb/v7e-m+dp/hard\libc_nano.a(libc_a-init.o)
                0x08000938                __libc_init_array
 *(.glue_7)
 .glue_7        0x08000980        0x0 linker stubs
 *(.glue_7t)
 .glue_7t       0x08000980        0x0 linker stubs
 *(.eh_frame)
 .eh_frame      0x08000980        0x0 E:/STM32CubeIDE_1.19.0/STM32CubeIDE/plugins/com.st.stm32cube.ide.mcu.externaltools.gnu-tools-for-stm32.13.3.rel1.win32_1.0.0.202411081344/tools/bin/../lib/gcc/arm-none-eabi/13.3.1/thumb/v7e-m+dp/hard/crtbegin.o
 *(.init)
 .init          0x08000980        0x4 E:/STM32CubeIDE_1.19.0/STM32CubeIDE/plugins/com.st.stm32cube.ide.mcu.externaltools.gnu-tools-for-stm32.13.3.rel1.win32_1.0.0.202411081344/tools/bin/../lib/gcc/arm-none-eabi/13.3.1/thumb/v7e-m+dp/hard/crti.o
                0x08000980                _init
 .init          0x08000984        0x8 E:/STM32CubeIDE_1.19.0/STM32CubeIDE/plugins/com.st.stm32cube.ide.mcu.externaltools.gnu-tools-for-stm32.13.3.rel1.win32_1.0.0.202411081344/tools/bin/../lib/gcc/arm-none-eabi/13.3.1/thumb/v7e-m+dp/hard/crtn.o
 *(.fini)
 .fini          0x0800098c        0x4 E:/STM32CubeIDE_1.19.0/STM32CubeIDE/plugins/com.st.stm32cube.ide.mcu.externaltools.gnu-tools-for-stm32.13.3.rel1.win32_1.0.0.202411081344/tools/bin/../lib/gcc/arm-none-eabi/13.3.1/thumb/v7e-m+dp/hard/crti.o
                0x0800098c                _fini
 .fini          0x08000990        0x8 E:/STM32CubeIDE_1.19.0/STM32CubeIDE/plugins/com.st.stm32cube.ide.mcu.externaltools.gnu-tools-for-stm32.13.3.rel1.win32_1.0.0.202411081344/tools/bin/../lib/gcc/arm-none-eabi/13.3.1/thumb/v7e-m+dp/hard/crtn.o
                0x08000998                        . = ALIGN (0x4)
                0x08000998                        _etext = .

.vfp11_veneer   0x08000998        0x0
 .vfp11_veneer  0x08000998        0x0 linker stubs

.v4_bx          0x08000998        0x0
 .v4_bx         0x08000998        0x0 linker stubs

.iplt           0x08000998        0x0
 .iplt          0x08000998        0x0 E:/STM32CubeIDE_1.19.0/STM32CubeIDE/plugins/com.st.stm32cube.ide.mcu.externaltools.gnu-tools-for-stm32.13.3.rel1.win32_1.0.0.202411081344/tools/bin/../lib/gcc/arm-none-eabi/13.3.1/thumb/v7e-m+dp/hard/crtbegin.o

.rodata         0x08000998        0x0
                0x08000998                        . = ALIGN (0x4)
 *(.rodata)
 *(.rodata*)
                0x08000998                        . = ALIGN (0x4)

.ARM.extab
 *(.ARM.extab* .gnu.linkonce.armextab.*)

.ARM            0x08000998        0x0
                0x08000998                        __exidx_start = .
 *(.ARM.exidx*)
                0x08000998                        __exidx_end = .

.preinit_array  0x08000998        0x0
                0x08000998                        PROVIDE (__preinit_array_start = .)
 *(.preinit_array*)
                0x08000998                        PROVIDE (__preinit_array_end = .)

.init_array     0x08000998        0x4
                0x08000998                        PROVIDE (__init_array_start = .)
 *(SORT_BY_NAME(.init_array.*))
 *(.init_array*)
 .init_array    0x08000998        0x4 E:/STM32CubeIDE_1.19.0/STM32CubeIDE/plugins/com.st.stm32cube.ide.mcu.externaltools.gnu-tools-for-stm32.13.3.rel1.win32_1.0.0.202411081344/tools/bin/../lib/gcc/arm-none-eabi/13.3.1/thumb/v7e-m+dp/hard/crtbegin.o
                0x0800099c                        PROVIDE (__init_array_end = .)

.fini_array     0x0800099c        0x4
                [!provide]                        PROVIDE (__fini_array_start = .)
 *(SORT_BY_NAME(.fini_array.*))
 *(.fini_array*)
 .fini_array    0x0800099c        0x4 E:/STM32CubeIDE_1.19.0/STM32CubeIDE/plugins/com.st.stm32cube.ide.mcu.externaltools.gnu-tools-for-stm32.13.3.rel1.win32_1.0.0.202411081344/tools/bin/../lib/gcc/arm-none-eabi/13.3.1/thumb/v7e-m+dp/hard/crtbegin.o
                [!provide]                        PROVIDE (__fini_array_end = .)
                0x080009a0                        _sidata = LOADADDR (.data)

.rel.dyn        0x080009a0        0x0
 .rel.iplt      0x080009a0        0x0 E:/STM32CubeIDE_1.19.0/STM32CubeIDE/plugins/com.st.stm32cube.ide.mcu.externaltools.gnu-tools-for-stm32.13.3.rel1.win32_1.0.0.202411081344/tools/bin/../lib/gcc/arm-none-eabi/13.3.1/thumb/v7e-m+dp/hard/crtbegin.o

.data           0x24000000        0x0 load address 0x080009a0
                0x24000000                        . = ALIGN (0x4)
                0x24000000                        _sdata = .
 *(.data)
 *(.data*)
 *(.RamFunc)
 *(.RamFunc*)
                0x24000000                        . = ALIGN (0x4)
                0x24000000                        _edata = .

.igot.plt       0x24000000        0x0 load address 0x080009a0
 .igot.plt      0x24000000        0x0 E:/STM32CubeIDE_1.19.0/STM32CubeIDE/plugins/com.st.stm32cube.ide.mcu.externaltools.gnu-tools-for-stm32.13.3.rel1.win32_1.0.0.202411081344/tools/bin/../lib/gcc/arm-none-eabi/13.3.1/thumb/v7e-m+dp/hard/crtbegin.o
                0x24000000                        . = ALIGN (0x4)

.bss            0x24000000       0x3c load address 0x080009a0
                0x24000000                        _sbss = .
                0x24000000                        __bss_start__ = _sbss
 *(.bss)
 .bss           0x24000000       0x1c E:/STM32CubeIDE_1.19.0/STM32CubeIDE/plugins/com.st.stm32cube.ide.mcu.externaltools.gnu-tools-for-stm32.13.3.rel1.win32_1.0.0.202411081344/tools/bin/../lib/gcc/arm-none-eabi/13.3.1/thumb/v7e-m+dp/hard/crtbegin.o
 *(.bss*)
 .bss.adc_buf   0x2400001c       0x20 ./Core/Src/main.o
 *(COMMON)
                0x2400003c                        . = ALIGN (0x4)
                0x2400003c                        _ebss = .
                0x2400003c                        __bss_end__ = _ebss

._user_heap_stack
                0x2400003c      0x604 load address 0x080009a0
                0x24000040                        . = ALIGN (0x8)
 *fill*         0x2400003c        0x4 
                [!provide]                        PROVIDE (end = .)
                0x24000040                        PROVIDE (_end = .)
                0x24000240                        . = (. + _Min_Heap_Size)
 *fill*         0x24000040      0x200 
                0x24000640                        . = (. + _Min_Stack_Size)
 *fill*         0x24000240      0x400 
                0x24000640                        . = ALIGN (0x8)

/DISCARD/
 libc.a(*)
 libm.a(*)
 libgcc.a(*)

.ARM.attributes
                0x00000000       0x2e
 *(.ARM.attributes)
 .ARM.attributes
                0x00000000       0x20 E:/STM32CubeIDE_1.19.0/STM32CubeIDE/plugins/com.st.stm32cube.ide.mcu.externaltools.gnu-tools-for-stm32.13.3.rel1.win32_1.0.0.202411081344/tools/bin/../lib/gcc/arm-none-eabi/13.3.1/thumb/v7e-m+dp/hard/crti.o
 .ARM.attributes
                0x00000020       0x32 E:/STM32CubeIDE_1.19.0/STM32CubeIDE/plugins/com.st.stm32cube.ide.mcu.externaltools.gnu-tools-for-stm32.13.3.rel1.win32_1.0.0.202411081344/tools/bin/../lib/gcc/arm-none-eabi/13.3.1/thumb/v7e-m+dp/hard/crtbegin.o
 .ARM.attributes
                0x00000052       0x32 ./Core/Src/adc.o
 .ARM.attributes
                0x00000084       0x32 ./Core/Src/gpio_driver.o
 .ARM.attributes
                0x000000b6       0x32 ./Core/Src/main.o
 .ARM.attributes
                0x000000e8       0x32 ./Core/Src/stm32h7xx_it.o
 .ARM.attributes
                0x0000011a       0x32 ./Core/Src/system_stm32h7xx.o
 .ARM.attributes
                0x0000014c       0x21 ./Core/Startup/startup_stm32h743vitx.o
 .ARM.attributes
                0x0000016d       0x32 E:/STM32CubeIDE_1.19.0/STM32CubeIDE/plugins/com.st.stm32cube.ide.mcu.externaltools.gnu-tools-for-stm32.13.3.rel1.win32_1.0.0.202411081344/tools/bin/../lib/gcc/arm-none-eabi/13.3.1/../../../../arm-none-eabi/lib/thumb/v7e-m+dp/hard\libc_nano.a(libc_a-init.o)
 .ARM.attributes
                0x0000019f       0x20 E:/STM32CubeIDE_1.19.0/STM32CubeIDE/plugins/com.st.stm32cube.ide.mcu.externaltools.gnu-tools-for-stm32.13.3.rel1.win32_1.0.0.202411081344/tools/bin/../lib/gcc/arm-none-eabi/13.3.1/thumb/v7e-m+dp/hard/crtn.o
OUTPUT(PWM_driver.elf elf32-littlearm)
LOAD linker stubs
LOAD E:/STM32CubeIDE_1.19.0/STM32CubeIDE/plugins/com.st.stm32cube.ide.mcu.externaltools.gnu-tools-for-stm32.13.3.rel1.win32_1.0.0.202411081344/tools/bin/../lib/gcc/arm-none-eabi/13.3.1/../../../../arm-none-eabi/lib/thumb/v7e-m+dp/hard\libc.a
LOAD E:/STM32CubeIDE_1.19.0/STM32CubeIDE/plugins/com.st.stm32cube.ide.mcu.externaltools.gnu-tools-for-stm32.13.3.rel1.win32_1.0.0.202411081344/tools/bin/../lib/gcc/arm-none-eabi/13.3.1/../../../../arm-none-eabi/lib/thumb/v7e-m+dp/hard\libm.a
LOAD E:/STM32CubeIDE_1.19.0/STM32CubeIDE/plugins/com.st.stm32cube.ide.mcu.externaltools.gnu-tools-for-stm32.13.3.rel1.win32_1.0.0.202411081344/tools/bin/../lib/gcc/arm-none-eabi/13.3.1/thumb/v7e-m+dp/hard\libgcc.a

.debug_info     0x00000000     0x2015
 .debug_info    0x00000000      0x842 ./Core/Src/adc.o
 .debug_info    0x00000842      0x63f ./Core/Src/gpio_driver.o
 .debug_info    0x00000e81      0x2b1 ./Core/Src/main.o
 .debug_info    0x00001132      0x101 ./Core/Src/stm32h7xx_it.o
 .debug_info    0x00001233      0xdb2 ./Core/Src/system_stm32h7xx.o
 .debug_info    0x00001fe5       0x30 ./Core/Startup/startup_stm32h743vitx.o

.debug_abbrev   0x00000000      0x5b5
 .debug_abbrev  0x00000000      0x17d ./Core/Src/adc.o
 .debug_abbrev  0x0000017d      0x154 ./Core/Src/gpio_driver.o
 .debug_abbrev  0x000002d1      0x114 ./Core/Src/main.o
 .debug_abbrev  0x000003e5       0x47 ./Core/Src/stm32h7xx_it.o
 .debug_abbrev  0x0000042c      0x165 ./Core/Src/system_stm32h7xx.o
 .debug_abbrev  0x00000591       0x24 ./Core/Startup/startup_stm32h743vitx.o

.debug_aranges  0x00000000      0x150
 .debug_aranges
                0x00000000       0x30 ./Core/Src/adc.o
 .debug_aranges
                0x00000030       0x48 ./Core/Src/gpio_driver.o
 .debug_aranges
                0x00000078       0x20 ./Core/Src/main.o
 .debug_aranges
                0x00000098       0x60 ./Core/Src/stm32h7xx_it.o
 .debug_aranges
                0x000000f8       0x30 ./Core/Src/system_stm32h7xx.o
 .debug_aranges
                0x00000128       0x28 ./Core/Startup/startup_stm32h743vitx.o

.debug_rnglists
                0x00000000       0xe4
 .debug_rnglists
                0x00000000       0x21 ./Core/Src/adc.o
 .debug_rnglists
                0x00000021       0x32 ./Core/Src/gpio_driver.o
 .debug_rnglists
                0x00000053       0x14 ./Core/Src/main.o
 .debug_rnglists
                0x00000067       0x43 ./Core/Src/stm32h7xx_it.o
 .debug_rnglists
                0x000000aa       0x21 ./Core/Src/system_stm32h7xx.o
 .debug_rnglists
                0x000000cb       0x19 ./Core/Startup/startup_stm32h743vitx.o

.debug_macro    0x00000000    0x32cc0
 .debug_macro   0x00000000       0xc7 ./Core/Src/adc.o
 .debug_macro   0x000000c7      0xaf6 ./Core/Src/adc.o
 .debug_macro   0x00000bbd       0x3b ./Core/Src/adc.o
 .debug_macro   0x00000bf8       0x22 ./Core/Src/adc.o
 .debug_macro   0x00000c1a       0x8e ./Core/Src/adc.o
 .debug_macro   0x00000ca8       0x51 ./Core/Src/adc.o
 .debug_macro   0x00000cf9      0x103 ./Core/Src/adc.o
 .debug_macro   0x00000dfc       0x6a ./Core/Src/adc.o
 .debug_macro   0x00000e66      0x1df ./Core/Src/adc.o
 .debug_macro   0x00001045       0x1c ./Core/Src/adc.o
 .debug_macro   0x00001061       0x22 ./Core/Src/adc.o
 .debug_macro   0x00001083       0xfb ./Core/Src/adc.o
 .debug_macro   0x0000117e     0x1305 ./Core/Src/adc.o
 .debug_macro   0x00002483      0x11f ./Core/Src/adc.o
 .debug_macro   0x000025a2       0x27 ./Core/Src/adc.o
 .debug_macro   0x000025c9    0x25b9b ./Core/Src/adc.o
 .debug_macro   0x00028164       0xc7 ./Core/Src/gpio_driver.o
 .debug_macro   0x0002822b       0xd1 ./Core/Src/main.o
 .debug_macro   0x000282fc       0xbd ./Core/Src/stm32h7xx_it.o
 .debug_macro   0x000283b9      0x27f ./Core/Src/system_stm32h7xx.o
 .debug_macro   0x00028638       0x2e ./Core/Src/system_stm32h7xx.o
 .debug_macro   0x00028666       0x6d ./Core/Src/system_stm32h7xx.o
 .debug_macro   0x000286d3      0x22c ./Core/Src/system_stm32h7xx.o
 .debug_macro   0x000288ff     0x3d79 ./Core/Src/system_stm32h7xx.o
 .debug_macro   0x0002c678       0x61 ./Core/Src/system_stm32h7xx.o
 .debug_macro   0x0002c6d9      0x19b ./Core/Src/system_stm32h7xx.o
 .debug_macro   0x0002c874       0x5d ./Core/Src/system_stm32h7xx.o
 .debug_macro   0x0002c8d1     0x2382 ./Core/Src/system_stm32h7xx.o
 .debug_macro   0x0002ec53     0x102c ./Core/Src/system_stm32h7xx.o
 .debug_macro   0x0002fc7f      0x154 ./Core/Src/system_stm32h7xx.o
 .debug_macro   0x0002fdd3      0x114 ./Core/Src/system_stm32h7xx.o
 .debug_macro   0x0002fee7      0x3b6 ./Core/Src/system_stm32h7xx.o
 .debug_macro   0x0003029d       0xac ./Core/Src/system_stm32h7xx.o
 .debug_macro   0x00030349      0x72d ./Core/Src/system_stm32h7xx.o
 .debug_macro   0x00030a76      0x228 ./Core/Src/system_stm32h7xx.o
 .debug_macro   0x00030c9e       0x66 ./Core/Src/system_stm32h7xx.o
 .debug_macro   0x00030d04      0x3bb ./Core/Src/system_stm32h7xx.o
 .debug_macro   0x000310bf      0x3e4 ./Core/Src/system_stm32h7xx.o
 .debug_macro   0x000314a3      0x275 ./Core/Src/system_stm32h7xx.o
 .debug_macro   0x00031718      0x3ca ./Core/Src/system_stm32h7xx.o
 .debug_macro   0x00031ae2      0x408 ./Core/Src/system_stm32h7xx.o
 .debug_macro   0x00031eea       0x51 ./Core/Src/system_stm32h7xx.o
 .debug_macro   0x00031f3b       0x4a ./Core/Src/system_stm32h7xx.o
 .debug_macro   0x00031f85      0x22c ./Core/Src/system_stm32h7xx.o
 .debug_macro   0x000321b1       0x67 ./Core/Src/system_stm32h7xx.o
 .debug_macro   0x00032218       0xa5 ./Core/Src/system_stm32h7xx.o
 .debug_macro   0x000322bd      0x1c4 ./Core/Src/system_stm32h7xx.o
 .debug_macro   0x00032481      0x25e ./Core/Src/system_stm32h7xx.o
 .debug_macro   0x000326df       0x35 ./Core/Src/system_stm32h7xx.o
 .debug_macro   0x00032714      0x5ac ./Core/Src/system_stm32h7xx.o

.debug_line     0x00000000     0x21d9
 .debug_line    0x00000000      0x666 ./Core/Src/adc.o
 .debug_line    0x00000666      0x5d5 ./Core/Src/gpio_driver.o
 .debug_line    0x00000c3b      0x569 ./Core/Src/main.o
 .debug_line    0x000011a4      0x554 ./Core/Src/stm32h7xx_it.o
 .debug_line    0x000016f8      0xa66 ./Core/Src/system_stm32h7xx.o
 .debug_line    0x0000215e       0x7b ./Core/Startup/startup_stm32h743vitx.o

.debug_str      0x00000000   0x14c9f3
 .debug_str     0x00000000   0x14c9f3 ./Core/Src/adc.o
                              0xe6b24 (size before relaxing)
 .debug_str     0x0014c9f3    0xe6a17 ./Core/Src/gpio_driver.o
 .debug_str     0x0014c9f3    0xe6815 ./Core/Src/main.o
 .debug_str     0x0014c9f3    0xe67d9 ./Core/Src/stm32h7xx_it.o
 .debug_str     0x0014c9f3   0x14caf5 ./Core/Src/system_stm32h7xx.o
 .debug_str     0x0014c9f3       0x70 ./Core/Startup/startup_stm32h743vitx.o

.comment        0x00000000       0x43
 .comment       0x00000000       0x43 ./Core/Src/adc.o
                                 0x44 (size before relaxing)
 .comment       0x00000043       0x44 ./Core/Src/gpio_driver.o
 .comment       0x00000043       0x44 ./Core/Src/main.o
 .comment       0x00000043       0x44 ./Core/Src/stm32h7xx_it.o
 .comment       0x00000043       0x44 ./Core/Src/system_stm32h7xx.o

.debug_frame    0x00000000      0x35c
 .debug_frame   0x00000000       0x80 ./Core/Src/adc.o
 .debug_frame   0x00000080      0x100 ./Core/Src/gpio_driver.o
 .debug_frame   0x00000180       0x30 ./Core/Src/main.o
 .debug_frame   0x000001b0      0x108 ./Core/Src/stm32h7xx_it.o
 .debug_frame   0x000002b8       0x78 ./Core/Src/system_stm32h7xx.o
 .debug_frame   0x00000330       0x2c E:/STM32CubeIDE_1.19.0/STM32CubeIDE/plugins/com.st.stm32cube.ide.mcu.externaltools.gnu-tools-for-stm32.13.3.rel1.win32_1.0.0.202411081344/tools/bin/../lib/gcc/arm-none-eabi/13.3.1/../../../../arm-none-eabi/lib/thumb/v7e-m+dp/hard\libc_nano.a(libc_a-init.o)

.debug_line_str
                0x00000000       0x54
 .debug_line_str
                0x00000000       0x54 ./Core/Startup/startup_stm32h743vitx.o
