Archive member included to satisfy reference by file (symbol)

E:/STM32CubeIDE_1.19.0/STM32CubeIDE/plugins/com.st.stm32cube.ide.mcu.externaltools.gnu-tools-for-stm32.13.3.rel1.win32_1.0.0.202411081344/tools/bin/../lib/gcc/arm-none-eabi/13.3.1/../../../../arm-none-eabi/lib/thumb/v7e-m+dp/hard\libc_nano.a(libc_a-exit.o)
                              E:/STM32CubeIDE_1.19.0/STM32CubeIDE/plugins/com.st.stm32cube.ide.mcu.externaltools.gnu-tools-for-stm32.13.3.rel1.win32_1.0.0.202411081344/tools/bin/../lib/gcc/arm-none-eabi/13.3.1/../../../../arm-none-eabi/lib/thumb/v7e-m+dp/hard/crt0.o (exit)
E:/STM32CubeIDE_1.19.0/STM32CubeIDE/plugins/com.st.stm32cube.ide.mcu.externaltools.gnu-tools-for-stm32.13.3.rel1.win32_1.0.0.202411081344/tools/bin/../lib/gcc/arm-none-eabi/13.3.1/../../../../arm-none-eabi/lib/thumb/v7e-m+dp/hard\libc_nano.a(libc_a-findfp.o)
                              E:/STM32CubeIDE_1.19.0/STM32CubeIDE/plugins/com.st.stm32cube.ide.mcu.externaltools.gnu-tools-for-stm32.13.3.rel1.win32_1.0.0.202411081344/tools/bin/../lib/gcc/arm-none-eabi/13.3.1/../../../../arm-none-eabi/lib/thumb/v7e-m+dp/hard\libc_nano.a(libc_a-exit.o) (__stdio_exit_handler)
E:/STM32CubeIDE_1.19.0/STM32CubeIDE/plugins/com.st.stm32cube.ide.mcu.externaltools.gnu-tools-for-stm32.13.3.rel1.win32_1.0.0.202411081344/tools/bin/../lib/gcc/arm-none-eabi/13.3.1/../../../../arm-none-eabi/lib/thumb/v7e-m+dp/hard\libc_nano.a(libc_a-fwalk.o)
                              E:/STM32CubeIDE_1.19.0/STM32CubeIDE/plugins/com.st.stm32cube.ide.mcu.externaltools.gnu-tools-for-stm32.13.3.rel1.win32_1.0.0.202411081344/tools/bin/../lib/gcc/arm-none-eabi/13.3.1/../../../../arm-none-eabi/lib/thumb/v7e-m+dp/hard\libc_nano.a(libc_a-findfp.o) (_fwalk_sglue)
E:/STM32CubeIDE_1.19.0/STM32CubeIDE/plugins/com.st.stm32cube.ide.mcu.externaltools.gnu-tools-for-stm32.13.3.rel1.win32_1.0.0.202411081344/tools/bin/../lib/gcc/arm-none-eabi/13.3.1/../../../../arm-none-eabi/lib/thumb/v7e-m+dp/hard\libc_nano.a(libc_a-stdio.o)
                              E:/STM32CubeIDE_1.19.0/STM32CubeIDE/plugins/com.st.stm32cube.ide.mcu.externaltools.gnu-tools-for-stm32.13.3.rel1.win32_1.0.0.202411081344/tools/bin/../lib/gcc/arm-none-eabi/13.3.1/../../../../arm-none-eabi/lib/thumb/v7e-m+dp/hard\libc_nano.a(libc_a-findfp.o) (__sread)
E:/STM32CubeIDE_1.19.0/STM32CubeIDE/plugins/com.st.stm32cube.ide.mcu.externaltools.gnu-tools-for-stm32.13.3.rel1.win32_1.0.0.202411081344/tools/bin/../lib/gcc/arm-none-eabi/13.3.1/../../../../arm-none-eabi/lib/thumb/v7e-m+dp/hard\libc_nano.a(libc_a-memset.o)
                              E:/STM32CubeIDE_1.19.0/STM32CubeIDE/plugins/com.st.stm32cube.ide.mcu.externaltools.gnu-tools-for-stm32.13.3.rel1.win32_1.0.0.202411081344/tools/bin/../lib/gcc/arm-none-eabi/13.3.1/../../../../arm-none-eabi/lib/thumb/v7e-m+dp/hard/crt0.o (memset)
E:/STM32CubeIDE_1.19.0/STM32CubeIDE/plugins/com.st.stm32cube.ide.mcu.externaltools.gnu-tools-for-stm32.13.3.rel1.win32_1.0.0.202411081344/tools/bin/../lib/gcc/arm-none-eabi/13.3.1/../../../../arm-none-eabi/lib/thumb/v7e-m+dp/hard\libc_nano.a(libc_a-closer.o)
                              E:/STM32CubeIDE_1.19.0/STM32CubeIDE/plugins/com.st.stm32cube.ide.mcu.externaltools.gnu-tools-for-stm32.13.3.rel1.win32_1.0.0.202411081344/tools/bin/../lib/gcc/arm-none-eabi/13.3.1/../../../../arm-none-eabi/lib/thumb/v7e-m+dp/hard\libc_nano.a(libc_a-stdio.o) (_close_r)
E:/STM32CubeIDE_1.19.0/STM32CubeIDE/plugins/com.st.stm32cube.ide.mcu.externaltools.gnu-tools-for-stm32.13.3.rel1.win32_1.0.0.202411081344/tools/bin/../lib/gcc/arm-none-eabi/13.3.1/../../../../arm-none-eabi/lib/thumb/v7e-m+dp/hard\libc_nano.a(libc_a-reent.o)
                              E:/STM32CubeIDE_1.19.0/STM32CubeIDE/plugins/com.st.stm32cube.ide.mcu.externaltools.gnu-tools-for-stm32.13.3.rel1.win32_1.0.0.202411081344/tools/bin/../lib/gcc/arm-none-eabi/13.3.1/../../../../arm-none-eabi/lib/thumb/v7e-m+dp/hard\libc_nano.a(libc_a-closer.o) (errno)
E:/STM32CubeIDE_1.19.0/STM32CubeIDE/plugins/com.st.stm32cube.ide.mcu.externaltools.gnu-tools-for-stm32.13.3.rel1.win32_1.0.0.202411081344/tools/bin/../lib/gcc/arm-none-eabi/13.3.1/../../../../arm-none-eabi/lib/thumb/v7e-m+dp/hard\libc_nano.a(libc_a-impure.o)
                              E:/STM32CubeIDE_1.19.0/STM32CubeIDE/plugins/com.st.stm32cube.ide.mcu.externaltools.gnu-tools-for-stm32.13.3.rel1.win32_1.0.0.202411081344/tools/bin/../lib/gcc/arm-none-eabi/13.3.1/../../../../arm-none-eabi/lib/thumb/v7e-m+dp/hard\libc_nano.a(libc_a-reent.o) (_impure_ptr)
E:/STM32CubeIDE_1.19.0/STM32CubeIDE/plugins/com.st.stm32cube.ide.mcu.externaltools.gnu-tools-for-stm32.13.3.rel1.win32_1.0.0.202411081344/tools/bin/../lib/gcc/arm-none-eabi/13.3.1/../../../../arm-none-eabi/lib/thumb/v7e-m+dp/hard\libc_nano.a(libc_a-lseekr.o)
[...]
Memory Configuration

Name             Origin             Length             Attributes
FLASH            0x08000000         0x00200000         xr
DTCMRAM          0x20000000         0x00020000         xrw
RAM_D1           0x24000000         0x00080000         xrw
RAM_D2           0x30000000         0x00048000         xrw
RAM_D3           0x38000000         0x00010000         xrw
ITCMRAM          0x00000000         0x00010000         xrw
*default*        0x00000000         0xffffffff

Linker script and memory map

LOAD E:/STM32CubeIDE_1.19.0/STM32CubeIDE/plugins/com.st.stm32cube.ide.mcu.externaltools.gnu-tools-for-stm32.13.3.rel1.win32_1.0.0.202411081344/tools/bin/../lib/gcc/arm-none-eabi/13.3.1/thumb/v7e-m+dp/hard/crti.o
LOAD E:/STM32CubeIDE_1.19.0/STM32CubeIDE/plugins/com.st.stm32cube.ide.mcu.externaltools.gnu-tools-for-stm32.13.3.rel1.win32_1.0.0.202411081344/tools/bin/../lib/gcc/arm-none-eabi/13.3.1/thumb/v7e-m+dp/hard/crtbegin.o
LOAD E:/STM32CubeIDE_1.19.0/STM32CubeIDE/plugins/com.st.stm32cube.ide.mcu.externaltools.gnu-tools-for-stm32.13.3.rel1.win32_1.0.0.202411081344/tools/bin/../lib/gcc/arm-none-eabi/13.3.1/../../../../arm-none-eabi/lib/thumb/v7e-m+dp/hard/crt0.o
LOAD ./Core/Src/gpio_driver.o
LOAD ./Core/Src/main.o
LOAD ./Core/Src/stm32h7xx_hal_msp.o
LOAD ./Core/Src/stm32h7xx_it.o
LOAD ./Core/Src/syscalls.o
LOAD ./Core/Src/sysmem.o
LOAD ./Core/Src/system_stm32h7xx.o
LOAD ./Core/Startup/startup_stm32h743vitx.o
START GROUP
LOAD E:/STM32CubeIDE_1.19.0/STM32CubeIDE/plugins/com.st.stm32cube.ide.mcu.externaltools.gnu-tools-for-stm32.13.3.rel1.win32_1.0.0.202411081344/tools/bin/../lib/gcc/arm-none-eabi/13.3.1/../../../../arm-none-eabi/lib/thumb/v7e-m+dp/hard\libc_nano.a
LOAD E:/STM32CubeIDE_1.19.0/STM32CubeIDE/plugins/com.st.stm32cube.ide.mcu.externaltools.gnu-tools-for-stm32.13.3.rel1.win32_1.0.0.202411081344/tools/bin/../lib/gcc/arm-none-eabi/13.3.1/../../../../arm-none-eabi/lib/thumb/v7e-m+dp/hard\libm.a
END GROUP
START GROUP
LOAD E:/STM32CubeIDE_1.19.0/STM32CubeIDE/plugins/com.st.stm32cube.ide.mcu.externaltools.gnu-tools-for-stm32.13.3.rel1.win32_1.0.0.202411081344/tools/bin/../lib/gcc/arm-none-eabi/13.3.1/thumb/v7e-m+dp/hard\libgcc.a
LOAD E:/STM32CubeIDE_1.19.0/STM32CubeIDE/plugins/com.st.stm32cube.ide.mcu.externaltools.gnu-tools-for-stm32.13.3.rel1.win32_1.0.0.202411081344/tools/bin/../lib/gcc/arm-none-eabi/13.3.1/../../../../arm-none-eabi/lib/thumb/v7e-m+dp/hard\libc_nano.a
END GROUP
START GROUP
LOAD E:/STM32CubeIDE_1.19.0/STM32CubeIDE/plugins/com.st.stm32cube.ide.mcu.externaltools.gnu-tools-for-stm32.13.3.rel1.win32_1.0.0.202411081344/tools/bin/../lib/gcc/arm-none-eabi/13.3.1/thumb/v7e-m+dp/hard\libgcc.a
LOAD E:/STM32CubeIDE_1.19.0/STM32CubeIDE/plugins/com.st.stm32cube.ide.mcu.externaltools.gnu-tools-for-stm32.13.3.rel1.win32_1.0.0.202411081344/tools/bin/../lib/gcc/arm-none-eabi/13.3.1/../../../../arm-none-eabi/lib/thumb/v7e-m+dp/hard\libc_nano.a
LOAD E:/STM32CubeIDE_1.19.0/STM32CubeIDE/plugins/com.st.stm32cube.ide.mcu.externaltools.gnu-tools-for-stm32.13.3.rel1.win32_1.0.0.202411081344/tools/bin/../lib/gcc/arm-none-eabi/13.3.1/../../../../arm-none-eabi/lib/thumb/v7e-m+dp/hard\libnosys.a
END GROUP
START GROUP
LOAD E:/STM32CubeIDE_1.19.0/STM32CubeIDE/plugins/com.st.stm32cube.ide.mcu.externaltools.gnu-tools-for-stm32.13.3.rel1.win32_1.0.0.202411081344/tools/bin/../lib/gcc/arm-none-eabi/13.3.1/thumb/v7e-m+dp/hard\libgcc.a
LOAD E:/STM32CubeIDE_1.19.0/STM32CubeIDE/plugins/com.st.stm32cube.ide.mcu.externaltools.gnu-tools-for-stm32.13.3.rel1.win32_1.0.0.202411081344/tools/bin/../lib/gcc/arm-none-eabi/13.3.1/../../../../arm-none-eabi/lib/thumb/v7e-m+dp/hard\libc_nano.a
LOAD E:/STM32CubeIDE_1.19.0/STM32CubeIDE/plugins/com.st.stm32cube.ide.mcu.externaltools.gnu-tools-for-stm32.13.3.rel1.win32_1.0.0.202411081344/tools/bin/../lib/gcc/arm-none-eabi/13.3.1/../../../../arm-none-eabi/lib/thumb/v7e-m+dp/hard\libnosys.a
END GROUP
LOAD E:/STM32CubeIDE_1.19.0/STM32CubeIDE/plugins/com.st.stm32cube.ide.mcu.externaltools.gnu-tools-for-stm32.13.3.rel1.win32_1.0.0.202411081344/tools/bin/../lib/gcc/arm-none-eabi/13.3.1/thumb/v7e-m+dp/hard/crtend.o
LOAD E:/STM32CubeIDE_1.19.0/STM32CubeIDE/plugins/com.st.stm32cube.ide.mcu.externaltools.gnu-tools-for-stm32.13.3.rel1.win32_1.0.0.202411081344/tools/bin/../lib/gcc/arm-none-eabi/13.3.1/thumb/v7e-m+dp/hard/crtn.o
                0x24080000                        _estack = (ORIGIN (RAM_D1) + LENGTH (RAM_D1))
                0x00000200                        _Min_Heap_Size = 0x200
                0x00000400                        _Min_Stack_Size = 0x400

.isr_vector     0x08000000      0x298
                0x08000000                        . = ALIGN (0x4)
 *(.isr_vector)
 .isr_vector    0x08000000      0x298 ./Core/Startup/startup_stm32h743vitx.o
                0x08000000                g_pfnVectors
                0x08000298                        . = ALIGN (0x4)

.text           0x08000298      0x420
                0x08000298                        . = ALIGN (0x4)
 *(.text)
 .text          0x08000298       0x40 E:/STM32CubeIDE_1.19.0/STM32CubeIDE/plugins/com.st.stm32cube.ide.mcu.externaltools.gnu-tools-for-stm32.13.3.rel1.win32_1.0.0.202411081344/tools/bin/../lib/gcc/arm-none-eabi/13.3.1/thumb/v7e-m+dp/hard/crtbegin.o
 *(.text*)
 .text.gpio_clk
                0x080002d8       0x44 ./Core/Src/gpio_driver.o
                0x080002d8                gpio_clk
 .text.gpio_cfg
                0x0800031c       0xa8 ./Core/Src/gpio_driver.o
                0x0800031c                gpio_cfg
 .text.gpio_tog
                0x080003c4       0x2a ./Core/Src/gpio_driver.o
                0x080003c4                gpio_tog
 *fill*         0x080003ee        0x2 
 .text.main     0x080003f0       0x40 ./Core/Src/main.o
                0x080003f0                main
 .text.NMI_Handler
                0x08000430        0x8 ./Core/Src/stm32h7xx_it.o
                0x08000430                NMI_Handler
 .text.HardFault_Handler
                0x08000438        0x8 ./Core/Src/stm32h7xx_it.o
                0x08000438                HardFault_Handler
 .text.MemManage_Handler
                0x08000440        0x8 ./Core/Src/stm32h7xx_it.o
                0x08000440                MemManage_Handler
 .text.BusFault_Handler
                0x08000448        0x8 ./Core/Src/stm32h7xx_it.o
                0x08000448                BusFault_Handler
 .text.UsageFault_Handler
                0x08000450        0x8 ./Core/Src/stm32h7xx_it.o
                0x08000450                UsageFault_Handler
 .text.SVC_Handler
                0x08000458        0xe ./Core/Src/stm32h7xx_it.o
                0x08000458                SVC_Handler
 .text.DebugMon_Handler
                0x08000466        0xe ./Core/Src/stm32h7xx_it.o
                0x08000466                DebugMon_Handler
 .text.PendSV_Handler
                0x08000474        0xe ./Core/Src/stm32h7xx_it.o
                0x08000474                PendSV_Handler
 .text.SysTick_Handler
                0x08000482        0xe ./Core/Src/stm32h7xx_it.o
                0x08000482                SysTick_Handler
 .text.SystemInit
                0x08000490      0x140 ./Core/Src/system_stm32h7xx.o
                0x08000490                SystemInit
 .text.ExitRun0Mode
                0x080005d0       0x30 ./Core/Src/system_stm32h7xx.o
                0x080005d0                ExitRun0Mode
 .text.Reset_Handler
                0x08000600       0x54 ./Core/Startup/startup_stm32h743vitx.o
                0x08000600                Reset_Handler
 .text.Default_Handler
                0x08000654        0x2 ./Core/Startup/startup_stm32h743vitx.o
                0x08000654                RTC_Alarm_IRQHandler
                0x08000654                EXTI2_IRQHandler
                0x08000654                TIM8_CC_IRQHandler
                0x08000654                HRTIM1_Master_IRQHandler
                0x08000654                UART8_IRQHandler
                0x08000654                SPI4_IRQHandler
                0x08000654                TIM1_CC_IRQHandler
                0x08000654                BDMA_Channel6_IRQHandler
                0x08000654                DMA2_Stream5_IRQHandler
                0x08000654                HRTIM1_FLT_IRQHandler
                0x08000654                JPEG_IRQHandler
                0x08000654                DMA1_Stream5_IRQHandler
                0x08000654                BDMA_Channel1_IRQHandler
                0x08000654                HRTIM1_TIMD_IRQHandler
                0x08000654                TAMP_STAMP_IRQHandler
                0x08000654                EXTI3_IRQHandler
                0x08000654                LPTIM4_IRQHandler
                0x08000654                TIM8_TRG_COM_TIM14_IRQHandler
                0x08000654                LPTIM2_IRQHandler
                0x08000654                DFSDM1_FLT1_IRQHandler
                0x08000654                DMAMUX2_OVR_IRQHandler
                0x08000654                TIM8_UP_TIM13_IRQHandler
                0x08000654                I2C3_ER_IRQHandler
                0x08000654                DFSDM1_FLT2_IRQHandler
                0x08000654                MDMA_IRQHandler
                0x08000654                LPTIM3_IRQHandler
                0x08000654                HSEM1_IRQHandler
                0x08000654                EXTI0_IRQHandler
                0x08000654                I2C2_EV_IRQHandler
                0x08000654                DMA1_Stream2_IRQHandler
                0x08000654                FPU_IRQHandler
                0x08000654                OTG_HS_WKUP_IRQHandler
                0x08000654                FDCAN1_IT1_IRQHandler
                0x08000654                LTDC_ER_IRQHandler
                0x08000654                DMA2_Stream2_IRQHandler
                0x08000654                HRTIM1_TIME_IRQHandler
                0x08000654                SPI1_IRQHandler
                0x08000654                TIM6_DAC_IRQHandler
                0x08000654                DCMI_IRQHandler
                0x08000654                HRTIM1_TIMC_IRQHandler
                0x08000654                DMA2_Stream3_IRQHandler
                0x08000654                SAI2_IRQHandler
                0x08000654                DFSDM1_FLT3_IRQHandler
                0x08000654                USART6_IRQHandler
                0x08000654                TIM17_IRQHandler
                0x08000654                USART3_IRQHandler
                0x08000654                BDMA_Channel7_IRQHandler
                0x08000654                LPTIM5_IRQHandler
                0x08000654                UART5_IRQHandler
                0x08000654                ADC3_IRQHandler
                0x08000654                DMA2_Stream0_IRQHandler
                0x08000654                TIM4_IRQHandler
                0x08000654                BDMA_Channel2_IRQHandler
                0x08000654                QUADSPI_IRQHandler
                0x08000654                I2C1_EV_IRQHandler
                0x08000654                DMA1_Stream6_IRQHandler
                0x08000654                DMAMUX1_OVR_IRQHandler
                0x08000654                DMA1_Stream1_IRQHandler
                0x08000654                TIM16_IRQHandler
                0x08000654                UART4_IRQHandler
                0x08000654                BDMA_Channel5_IRQHandler
                0x08000654                TIM3_IRQHandler
                0x08000654                RCC_IRQHandler
                0x08000654                TIM8_BRK_TIM12_IRQHandler
                0x08000654                TIM1_TRG_COM_IRQHandler
                0x08000654                Default_Handler
                0x08000654                ECC_IRQHandler
                0x08000654                CEC_IRQHandler
                0x08000654                EXTI15_10_IRQHandler
                0x08000654                BDMA_Channel0_IRQHandler
                0x08000654                ADC_IRQHandler
                0x08000654                DMA1_Stream7_IRQHandler
                0x08000654                HRTIM1_TIMA_IRQHandler
                0x08000654                SPI5_IRQHandler
                0x08000654                TIM7_IRQHandler
                0x08000654                SDMMC1_IRQHandler
                0x08000654                TIM5_IRQHandler
                0x08000654                DMA2_Stream7_IRQHandler
                0x08000654                TIM15_IRQHandler
                0x08000654                PVD_AVD_IRQHandler
                0x08000654                I2C3_EV_IRQHandler
                0x08000654                EXTI9_5_IRQHandler
                0x08000654                RTC_WKUP_IRQHandler
                0x08000654                LTDC_IRQHandler
                0x08000654                SAI3_IRQHandler
                0x08000654                ETH_WKUP_IRQHandler
                0x08000654                SPDIF_RX_IRQHandler
                0x08000654                SPI2_IRQHandler
                0x08000654                OTG_HS_EP1_IN_IRQHandler
                0x08000654                DMA1_Stream0_IRQHandler
                0x08000654                CRS_IRQHandler
                0x08000654                EXTI4_IRQHandler
                0x08000654                RNG_IRQHandler
                0x08000654                HRTIM1_TIMB_IRQHandler
                0x08000654                FDCAN2_IT1_IRQHandler
                0x08000654                ETH_IRQHandler
                0x08000654                TIM1_UP_IRQHandler
                0x08000654                BDMA_Channel4_IRQHandler
                0x08000654                OTG_HS_EP1_OUT_IRQHandler
                0x08000654                WWDG_IRQHandler
                0x08000654                SPI6_IRQHandler
                0x08000654                MDIOS_IRQHandler
                0x08000654                I2C4_EV_IRQHandler
                0x08000654                FDCAN2_IT0_IRQHandler
                0x08000654                LPUART1_IRQHandler
                0x08000654                FDCAN1_IT0_IRQHandler
                0x08000654                TIM2_IRQHandler
                0x08000654                OTG_FS_WKUP_IRQHandler
                0x08000654                OTG_HS_IRQHandler
                0x08000654                DMA2D_IRQHandler
                0x08000654                TIM1_BRK_IRQHandler
                0x08000654                EXTI1_IRQHandler
                0x08000654                SDMMC2_IRQHandler
                0x08000654                OTG_FS_EP1_OUT_IRQHandler
                0x08000654                BDMA_Channel3_IRQHandler
                0x08000654                UART7_IRQHandler
                0x08000654                MDIOS_WKUP_IRQHandler
                0x08000654                USART2_IRQHandler
                0x08000654                DFSDM1_FLT0_IRQHandler
                0x08000654                SAI4_IRQHandler
                0x08000654                I2C2_ER_IRQHandler
                0x08000654                DMA2_Stream1_IRQHandler
                0x08000654                FLASH_IRQHandler
                0x08000654                DMA2_Stream4_IRQHandler
                0x08000654                USART1_IRQHandler
                0x08000654                OTG_FS_IRQHandler
                0x08000654                SPI3_IRQHandler
                0x08000654                WAKEUP_PIN_IRQHandler
                0x08000654                DMA1_Stream4_IRQHandler
                0x08000654                OTG_FS_EP1_IN_IRQHandler
                0x08000654                I2C1_ER_IRQHandler
                0x08000654                FMC_IRQHandler
                0x08000654                FDCAN_CAL_IRQHandler
                0x08000654                SWPMI1_IRQHandler
                0x08000654                COMP1_IRQHandler
                0x08000654                LPTIM1_IRQHandler
                0x08000654                I2C4_ER_IRQHandler
                0x08000654                DMA2_Stream6_IRQHandler
                0x08000654                SAI1_IRQHandler
                0x08000654                DMA1_Stream3_IRQHandler
 *fill*         0x08000656        0x2 
 .text.__libc_init_array
                0x08000658       0x48 E:/STM32CubeIDE_1.19.0/STM32CubeIDE/plugins/com.st.stm32cube.ide.mcu.externaltools.gnu-tools-for-stm32.13.3.rel1.win32_1.0.0.202411081344/tools/bin/../lib/gcc/arm-none-eabi/13.3.1/../../../../arm-none-eabi/lib/thumb/v7e-m+dp/hard\libc_nano.a(libc_a-init.o)
                0x08000658                __libc_init_array
 *(.glue_7)
 .glue_7        0x080006a0        0x0 linker stubs
 *(.glue_7t)
 .glue_7t       0x080006a0        0x0 linker stubs
 *(.eh_frame)
 .eh_frame      0x080006a0        0x0 E:/STM32CubeIDE_1.19.0/STM32CubeIDE/plugins/com.st.stm32cube.ide.mcu.externaltools.gnu-tools-for-stm32.13.3.rel1.win32_1.0.0.202411081344/tools/bin/../lib/gcc/arm-none-eabi/13.3.1/thumb/v7e-m+dp/hard/crtbegin.o
 *(.init)
 .init          0x080006a0        0x4 E:/STM32CubeIDE_1.19.0/STM32CubeIDE/plugins/com.st.stm32cube.ide.mcu.externaltools.gnu-tools-for-stm32.13.3.rel1.win32_1.0.0.202411081344/tools/bin/../lib/gcc/arm-none-eabi/13.3.1/thumb/v7e-m+dp/hard/crti.o
                0x080006a0                _init
 .init          0x080006a4        0x8 E:/STM32CubeIDE_1.19.0/STM32CubeIDE/plugins/com.st.stm32cube.ide.mcu.externaltools.gnu-tools-for-stm32.13.3.rel1.win32_1.0.0.202411081344/tools/bin/../lib/gcc/arm-none-eabi/13.3.1/thumb/v7e-m+dp/hard/crtn.o
 *(.fini)
 .fini          0x080006ac        0x4 E:/STM32CubeIDE_1.19.0/STM32CubeIDE/plugins/com.st.stm32cube.ide.mcu.externaltools.gnu-tools-for-stm32.13.3.rel1.win32_1.0.0.202411081344/tools/bin/../lib/gcc/arm-none-eabi/13.3.1/thumb/v7e-m+dp/hard/crti.o
                0x080006ac                _fini
 .fini          0x080006b0        0x8 E:/STM32CubeIDE_1.19.0/STM32CubeIDE/plugins/com.st.stm32cube.ide.mcu.externaltools.gnu-tools-for-stm32.13.3.rel1.win32_1.0.0.202411081344/tools/bin/../lib/gcc/arm-none-eabi/13.3.1/thumb/v7e-m+dp/hard/crtn.o
                0x080006b8                        . = ALIGN (0x4)
                0x080006b8                        _etext = .

.vfp11_veneer   0x080006b8        0x0
 .vfp11_veneer  0x080006b8        0x0 linker stubs

.v4_bx          0x080006b8        0x0
 .v4_bx         0x080006b8        0x0 linker stubs

.iplt           0x080006b8        0x0
 .iplt          0x080006b8        0x0 E:/STM32CubeIDE_1.19.0/STM32CubeIDE/plugins/com.st.stm32cube.ide.mcu.externaltools.gnu-tools-for-stm32.13.3.rel1.win32_1.0.0.202411081344/tools/bin/../lib/gcc/arm-none-eabi/13.3.1/thumb/v7e-m+dp/hard/crtbegin.o

.rodata         0x080006b8        0x0
                0x080006b8                        . = ALIGN (0x4)
 *(.rodata)
 *(.rodata*)
                0x080006b8                        . = ALIGN (0x4)

.ARM.extab
 *(.ARM.extab* .gnu.linkonce.armextab.*)

.ARM            0x080006b8        0x0
                0x080006b8                        __exidx_start = .
 *(.ARM.exidx*)
                0x080006b8                        __exidx_end = .

.preinit_array  0x080006b8        0x0
                0x080006b8                        PROVIDE (__preinit_array_start = .)
 *(.preinit_array*)
                0x080006b8                        PROVIDE (__preinit_array_end = .)

.init_array     0x080006b8        0x4
                0x080006b8                        PROVIDE (__init_array_start = .)
 *(SORT_BY_NAME(.init_array.*))
 *(.init_array*)
 .init_array    0x080006b8        0x4 E:/STM32CubeIDE_1.19.0/STM32CubeIDE/plugins/com.st.stm32cube.ide.mcu.externaltools.gnu-tools-for-stm32.13.3.rel1.win32_1.0.0.202411081344/tools/bin/../lib/gcc/arm-none-eabi/13.3.1/thumb/v7e-m+dp/hard/crtbegin.o
                0x080006bc                        PROVIDE (__init_array_end = .)

.fini_array     0x080006bc        0x4
                [!provide]                        PROVIDE (__fini_array_start = .)
 *(SORT_BY_NAME(.fini_array.*))
 *(.fini_array*)
 .fini_array    0x080006bc        0x4 E:/STM32CubeIDE_1.19.0/STM32CubeIDE/plugins/com.st.stm32cube.ide.mcu.externaltools.gnu-tools-for-stm32.13.3.rel1.win32_1.0.0.202411081344/tools/bin/../lib/gcc/arm-none-eabi/13.3.1/thumb/v7e-m+dp/hard/crtbegin.o
                [!provide]                        PROVIDE (__fini_array_end = .)
                0x080006c0                        _sidata = LOADADDR (.data)

.rel.dyn        0x080006c0        0x0
 .rel.iplt      0x080006c0        0x0 E:/STM32CubeIDE_1.19.0/STM32CubeIDE/plugins/com.st.stm32cube.ide.mcu.externaltools.gnu-tools-for-stm32.13.3.rel1.win32_1.0.0.202411081344/tools/bin/../lib/gcc/arm-none-eabi/13.3.1/thumb/v7e-m+dp/hard/crtbegin.o

.data           0x24000000        0x0 load address 0x080006c0
                0x24000000                        . = ALIGN (0x4)
                0x24000000                        _sdata = .
 *(.data)
 *(.data*)
 *(.RamFunc)
 *(.RamFunc*)
                0x24000000                        . = ALIGN (0x4)
                0x24000000                        _edata = .

.igot.plt       0x24000000        0x0 load address 0x080006c0
 .igot.plt      0x24000000        0x0 E:/STM32CubeIDE_1.19.0/STM32CubeIDE/plugins/com.st.stm32cube.ide.mcu.externaltools.gnu-tools-for-stm32.13.3.rel1.win32_1.0.0.202411081344/tools/bin/../lib/gcc/arm-none-eabi/13.3.1/thumb/v7e-m+dp/hard/crtbegin.o
                0x24000000                        . = ALIGN (0x4)

.bss            0x24000000       0x1c load address 0x080006c0
                0x24000000                        _sbss = .
                0x24000000                        __bss_start__ = _sbss
 *(.bss)
 .bss           0x24000000       0x1c E:/STM32CubeIDE_1.19.0/STM32CubeIDE/plugins/com.st.stm32cube.ide.mcu.externaltools.gnu-tools-for-stm32.13.3.rel1.win32_1.0.0.202411081344/tools/bin/../lib/gcc/arm-none-eabi/13.3.1/thumb/v7e-m+dp/hard/crtbegin.o
 *(.bss*)
 *(COMMON)
                0x2400001c                        . = ALIGN (0x4)
                0x2400001c                        _ebss = .
                0x2400001c                        __bss_end__ = _ebss

._user_heap_stack
                0x2400001c      0x604 load address 0x080006c0
                0x24000020                        . = ALIGN (0x8)
 *fill*         0x2400001c        0x4 
                [!provide]                        PROVIDE (end = .)
                0x24000020                        PROVIDE (_end = .)
                0x24000220                        . = (. + _Min_Heap_Size)
 *fill*         0x24000020      0x200 
                0x24000620                        . = (. + _Min_Stack_Size)
 *fill*         0x24000220      0x400 
                0x24000620                        . = ALIGN (0x8)

/DISCARD/
 libc.a(*)
 libm.a(*)
 libgcc.a(*)

.ARM.attributes
                0x00000000       0x2e
 *(.ARM.attributes)
 .ARM.attributes
                0x00000000       0x20 E:/STM32CubeIDE_1.19.0/STM32CubeIDE/plugins/com.st.stm32cube.ide.mcu.externaltools.gnu-tools-for-stm32.13.3.rel1.win32_1.0.0.202411081344/tools/bin/../lib/gcc/arm-none-eabi/13.3.1/thumb/v7e-m+dp/hard/crti.o
 .ARM.attributes
                0x00000020       0x32 E:/STM32CubeIDE_1.19.0/STM32CubeIDE/plugins/com.st.stm32cube.ide.mcu.externaltools.gnu-tools-for-stm32.13.3.rel1.win32_1.0.0.202411081344/tools/bin/../lib/gcc/arm-none-eabi/13.3.1/thumb/v7e-m+dp/hard/crtbegin.o
 .ARM.attributes
                0x00000052       0x32 ./Core/Src/gpio_driver.o
 .ARM.attributes
                0x00000084       0x32 ./Core/Src/main.o
 .ARM.attributes
                0x000000b6       0x32 ./Core/Src/stm32h7xx_it.o
 .ARM.attributes
                0x000000e8       0x32 ./Core/Src/system_stm32h7xx.o
 .ARM.attributes
                0x0000011a       0x21 ./Core/Startup/startup_stm32h743vitx.o
 .ARM.attributes
                0x0000013b       0x32 E:/STM32CubeIDE_1.19.0/STM32CubeIDE/plugins/com.st.stm32cube.ide.mcu.externaltools.gnu-tools-for-stm32.13.3.rel1.win32_1.0.0.202411081344/tools/bin/../lib/gcc/arm-none-eabi/13.3.1/../../../../arm-none-eabi/lib/thumb/v7e-m+dp/hard\libc_nano.a(libc_a-init.o)
 .ARM.attributes
                0x0000016d       0x20 E:/STM32CubeIDE_1.19.0/STM32CubeIDE/plugins/com.st.stm32cube.ide.mcu.externaltools.gnu-tools-for-stm32.13.3.rel1.win32_1.0.0.202411081344/tools/bin/../lib/gcc/arm-none-eabi/13.3.1/thumb/v7e-m+dp/hard/crtn.o
OUTPUT(GPIO_driver.elf elf32-littlearm)
LOAD linker stubs
LOAD E:/STM32CubeIDE_1.19.0/STM32CubeIDE/plugins/com.st.stm32cube.ide.mcu.externaltools.gnu-tools-for-stm32.13.3.rel1.win32_1.0.0.202411081344/tools/bin/../lib/gcc/arm-none-eabi/13.3.1/../../../../arm-none-eabi/lib/thumb/v7e-m+dp/hard\libc.a
LOAD E:/STM32CubeIDE_1.19.0/STM32CubeIDE/plugins/com.st.stm32cube.ide.mcu.externaltools.gnu-tools-for-stm32.13.3.rel1.win32_1.0.0.202411081344/tools/bin/../lib/gcc/arm-none-eabi/13.3.1/../../../../arm-none-eabi/lib/thumb/v7e-m+dp/hard\libm.a
LOAD E:/STM32CubeIDE_1.19.0/STM32CubeIDE/plugins/com.st.stm32cube.ide.mcu.externaltools.gnu-tools-for-stm32.13.3.rel1.win32_1.0.0.202411081344/tools/bin/../lib/gcc/arm-none-eabi/13.3.1/thumb/v7e-m+dp/hard\libgcc.a

.debug_info     0x00000000     0x16de
 .debug_info    0x00000000      0x63f ./Core/Src/gpio_driver.o
 .debug_info    0x0000063f      0x1bc ./Core/Src/main.o
 .debug_info    0x000007fb      0x101 ./Core/Src/stm32h7xx_it.o
 .debug_info    0x000008fc      0xdb2 ./Core/Src/system_stm32h7xx.o
 .debug_info    0x000016ae       0x30 ./Core/Startup/startup_stm32h743vitx.o

.debug_abbrev   0x00000000      0x418
 .debug_abbrev  0x00000000      0x154 ./Core/Src/gpio_driver.o
 .debug_abbrev  0x00000154       0xf4 ./Core/Src/main.o
 .debug_abbrev  0x00000248       0x47 ./Core/Src/stm32h7xx_it.o
 .debug_abbrev  0x0000028f      0x165 ./Core/Src/system_stm32h7xx.o
 .debug_abbrev  0x000003f4       0x24 ./Core/Startup/startup_stm32h743vitx.o

.debug_aranges  0x00000000      0x120
 .debug_aranges
                0x00000000       0x48 ./Core/Src/gpio_driver.o
 .debug_aranges
                0x00000048       0x20 ./Core/Src/main.o
 .debug_aranges
                0x00000068       0x60 ./Core/Src/stm32h7xx_it.o
 .debug_aranges
                0x000000c8       0x30 ./Core/Src/system_stm32h7xx.o
 .debug_aranges
                0x000000f8       0x28 ./Core/Startup/startup_stm32h743vitx.o

.debug_rnglists
                0x00000000       0xc2
 .debug_rnglists
                0x00000000       0x32 ./Core/Src/gpio_driver.o
 .debug_rnglists
                0x00000032       0x13 ./Core/Src/main.o
 .debug_rnglists
                0x00000045       0x43 ./Core/Src/stm32h7xx_it.o
 .debug_rnglists
                0x00000088       0x21 ./Core/Src/system_stm32h7xx.o
 .debug_rnglists
                0x000000a9       0x19 ./Core/Startup/startup_stm32h743vitx.o

.debug_macro    0x00000000    0x32bef
 .debug_macro   0x00000000       0xc7 ./Core/Src/gpio_driver.o
 .debug_macro   0x000000c7      0xaf6 ./Core/Src/gpio_driver.o
 .debug_macro   0x00000bbd       0x3b ./Core/Src/gpio_driver.o
 .debug_macro   0x00000bf8       0x22 ./Core/Src/gpio_driver.o
 .debug_macro   0x00000c1a       0x8e ./Core/Src/gpio_driver.o
 .debug_macro   0x00000ca8       0x51 ./Core/Src/gpio_driver.o
 .debug_macro   0x00000cf9      0x103 ./Core/Src/gpio_driver.o
 .debug_macro   0x00000dfc       0x6a ./Core/Src/gpio_driver.o
 .debug_macro   0x00000e66      0x1df ./Core/Src/gpio_driver.o
 .debug_macro   0x00001045       0x1c ./Core/Src/gpio_driver.o
 .debug_macro   0x00001061       0x22 ./Core/Src/gpio_driver.o
 .debug_macro   0x00001083       0xfb ./Core/Src/gpio_driver.o
 .debug_macro   0x0000117e     0x1305 ./Core/Src/gpio_driver.o
 .debug_macro   0x00002483      0x11f ./Core/Src/gpio_driver.o
 .debug_macro   0x000025a2       0x27 ./Core/Src/gpio_driver.o
 .debug_macro   0x000025c9    0x25b9b ./Core/Src/gpio_driver.o
 .debug_macro   0x00028164       0xc7 ./Core/Src/main.o
 .debug_macro   0x0002822b       0xbd ./Core/Src/stm32h7xx_it.o
 .debug_macro   0x000282e8      0x27f ./Core/Src/system_stm32h7xx.o
 .debug_macro   0x00028567       0x2e ./Core/Src/system_stm32h7xx.o
 .debug_macro   0x00028595       0x6d ./Core/Src/system_stm32h7xx.o
 .debug_macro   0x00028602      0x22c ./Core/Src/system_stm32h7xx.o
 .debug_macro   0x0002882e     0x3d79 ./Core/Src/system_stm32h7xx.o
 .debug_macro   0x0002c5a7       0x61 ./Core/Src/system_stm32h7xx.o
 .debug_macro   0x0002c608      0x19b ./Core/Src/system_stm32h7xx.o
 .debug_macro   0x0002c7a3       0x5d ./Core/Src/system_stm32h7xx.o
 .debug_macro   0x0002c800     0x2382 ./Core/Src/system_stm32h7xx.o
 .debug_macro   0x0002eb82     0x102c ./Core/Src/system_stm32h7xx.o
 .debug_macro   0x0002fbae      0x154 ./Core/Src/system_stm32h7xx.o
 .debug_macro   0x0002fd02      0x114 ./Core/Src/system_stm32h7xx.o
 .debug_macro   0x0002fe16      0x3b6 ./Core/Src/system_stm32h7xx.o
 .debug_macro   0x000301cc       0xac ./Core/Src/system_stm32h7xx.o
 .debug_macro   0x00030278      0x72d ./Core/Src/system_stm32h7xx.o
 .debug_macro   0x000309a5      0x228 ./Core/Src/system_stm32h7xx.o
 .debug_macro   0x00030bcd       0x66 ./Core/Src/system_stm32h7xx.o
 .debug_macro   0x00030c33      0x3bb ./Core/Src/system_stm32h7xx.o
 .debug_macro   0x00030fee      0x3e4 ./Core/Src/system_stm32h7xx.o
 .debug_macro   0x000313d2      0x275 ./Core/Src/system_stm32h7xx.o
 .debug_macro   0x00031647      0x3ca ./Core/Src/system_stm32h7xx.o
 .debug_macro   0x00031a11      0x408 ./Core/Src/system_stm32h7xx.o
 .debug_macro   0x00031e19       0x51 ./Core/Src/system_stm32h7xx.o
 .debug_macro   0x00031e6a       0x4a ./Core/Src/system_stm32h7xx.o
 .debug_macro   0x00031eb4      0x22c ./Core/Src/system_stm32h7xx.o
 .debug_macro   0x000320e0       0x67 ./Core/Src/system_stm32h7xx.o
 .debug_macro   0x00032147       0xa5 ./Core/Src/system_stm32h7xx.o
 .debug_macro   0x000321ec      0x1c4 ./Core/Src/system_stm32h7xx.o
 .debug_macro   0x000323b0      0x25e ./Core/Src/system_stm32h7xx.o
 .debug_macro   0x0003260e       0x35 ./Core/Src/system_stm32h7xx.o
 .debug_macro   0x00032643      0x5ac ./Core/Src/system_stm32h7xx.o

.debug_line     0x00000000     0x1afa
 .debug_line    0x00000000      0x5d5 ./Core/Src/gpio_driver.o
 .debug_line    0x000005d5      0x4f0 ./Core/Src/main.o
 .debug_line    0x00000ac5      0x554 ./Core/Src/stm32h7xx_it.o
 .debug_line    0x00001019      0xa66 ./Core/Src/system_stm32h7xx.o
 .debug_line    0x00001a7f       0x7b ./Core/Startup/startup_stm32h743vitx.o

.debug_str      0x00000000   0x14c879
 .debug_str     0x00000000   0x14c879 ./Core/Src/gpio_driver.o
                              0xe6a18 (size before relaxing)
 .debug_str     0x0014c879    0xe67ce ./Core/Src/main.o
 .debug_str     0x0014c879    0xe67da ./Core/Src/stm32h7xx_it.o
 .debug_str     0x0014c879   0x14caf6 ./Core/Src/system_stm32h7xx.o
 .debug_str     0x0014c879       0x6c ./Core/Startup/startup_stm32h743vitx.o

.comment        0x00000000       0x43
 .comment       0x00000000       0x43 ./Core/Src/gpio_driver.o
                                 0x44 (size before relaxing)
 .comment       0x00000043       0x44 ./Core/Src/main.o
 .comment       0x00000043       0x44 ./Core/Src/stm32h7xx_it.o
 .comment       0x00000043       0x44 ./Core/Src/system_stm32h7xx.o

.debug_frame    0x00000000      0x2dc
 .debug_frame   0x00000000      0x100 ./Core/Src/gpio_driver.o
 .debug_frame   0x00000100       0x30 ./Core/Src/main.o
 .debug_frame   0x00000130      0x108 ./Core/Src/stm32h7xx_it.o
 .debug_frame   0x00000238       0x78 ./Core/Src/system_stm32h7xx.o
 .debug_frame   0x000002b0       0x2c E:/STM32CubeIDE_1.19.0/STM32CubeIDE/plugins/com.st.stm32cube.ide.mcu.externaltools.gnu-tools-for-stm32.13.3.rel1.win32_1.0.0.202411081344/tools/bin/../lib/gcc/arm-none-eabi/13.3.1/../../../../arm-none-eabi/lib/thumb/v7e-m+dp/hard\libc_nano.a(libc_a-init.o)

.debug_line_str
                0x00000000       0x50
 .debug_line_str
                0x00000000       0x50 ./Core/Startup/startup_stm32h743vitx.o
